   Γû▓ Next.js 15.4.11
   - Environments: .env.local, .env
   - Experiments (use with caution):
     Γ¿» reactCompiler

